// Jest Snapshot v1, https://goo.gl/fbAQLP

exports[`SummaryItem renders SummaryItem component 1`] = `
<DocumentFragment>
  <div
    class="summary-line-child"
  >
    <div
      class="summary-child-title"
    >
      test title
    </div>
    <div
      class="stx-price summary-child-value stx-price--alight-center"
    >
      <p
        aria-label="Product price"
        class="stx-price__amount"
      >
        CA$19.91
      </p>
    </div>
  </div>
</DocumentFragment>
`;

exports[`SummaryItem renders SummaryItem component that is removable 1`] = `
<DocumentFragment>
  <div
    class="summary-line-child"
  >
    <div
      class="summary-child-title"
    >
      test title two
      <button
        aria-label="remove item"
        class="summary-child-remove"
      >
        <svg
          aria-labelledby="button"
          fill="none"
          height="20"
          viewBox="0 0 24 24"
          width="20"
          xmlns="http://www.w3.org/2000/svg"
        >
          <g
            opacity="0.8"
          >
            <path
              clip-rule="evenodd"
              d="M17.7071 7.70706L7.70712 17.7071L6.29291 16.2928L16.2929 6.29285L17.7071 7.70706Z"
              fill="black"
              fill-rule="evenodd"
            />
            <path
              clip-rule="evenodd"
              d="M16.2929 17.7071L6.29291 7.70706L7.70712 6.29285L17.7071 16.2928L16.2929 17.7071Z"
              fill="black"
              fill-rule="evenodd"
            />
            <path
              clip-rule="evenodd"
              d="M12 3C7.02944 3 3 7.02944 3 12C3 16.9706 7.02944 21 12 21C16.9706 21 21 16.9706 21 12C21 7.02944 16.9706 3 12 3ZM1 12C1 5.92487 5.92487 1 12 1C18.0751 1 23 5.92487 23 12C23 18.0751 18.0751 23 12 23C5.92487 23 1 18.0751 1 12Z"
              fill="black"
              fill-rule="evenodd"
            />
          </g>
        </svg>
      </button>
    </div>
    <div
      class="stx-price summary-child-value stx-price--alight-center"
    >
      <p
        aria-label="Product price"
        class="stx-price__amount"
      >
        CA$21.21
      </p>
    </div>
  </div>
</DocumentFragment>
`;
