// Jest Snapshot v1, https://goo.gl/fbAQLP

exports[`PaymentIframe renders PaymentIframe component 1`] = `
<DocumentFragment>
  <iframe
    data-bold-pigi-iframe="true"
    src=""
    style="height: 0px;"
    title="payments"
  />
</DocumentFragment>
`;
