// Jest Snapshot v1, https://goo.gl/fbAQLP

exports[`LoadingState renders LoadingState component 1`] = `
<DocumentFragment>
  <div
    class="FieldSet--LoadingState"
  >
    <span
      class="stx-loading-spinner"
    />
  </div>
</DocumentFragment>
`;
