// Jest Snapshot v1, https://goo.gl/fbAQLP

exports[`BackButton renders BackButton component 1`] = `
<DocumentFragment>
  <div>
    <button
      class="back-btn"
      type="button"
    >
      back
    </button>
  </div>
</DocumentFragment>
`;
