// Jest Snapshot v1, https://goo.gl/fbAQLP

exports[`OneClickLayout renders OneClickLayout component 1`] = `
<DocumentFragment>
  <div
    class="Checkout__Main"
  >
 
  </div>
</DocumentFragment>
`;
