// Jest Snapshot v1, https://goo.gl/fbAQLP

exports[`CheckoutForm renders CheckoutForm 1`] = `
<DocumentFragment>
  <div />
</DocumentFragment>
`;
