// Jest Snapshot v1, https://goo.gl/fbAQLP

exports[`IndexPage renders IndexPage component 1`] = `
<DocumentFragment>
  <div
    class="Sidebar IndexPage IndexPage--Hide"
  >
    <div
      class="Header"
    >
      <h1
        class="Header__Title"
      >
        TestSite
      </h1>
      <button
        aria-label="Close"
        class="Header__Times"
      >
        <svg
          aria-labelledby="button"
          fill="none"
          height="20"
          viewBox="0 0 24 24"
          width="20"
          xmlns="http://www.w3.org/2000/svg"
        >
          <g
            opacity="0.8"
          >
            <path
              clip-rule="evenodd"
              d="M17.7071 7.70706L7.70712 17.7071L6.29291 16.2928L16.2929 6.29285L17.7071 7.70706Z"
              fill="black"
              fill-rule="evenodd"
            />
            <path
              clip-rule="evenodd"
              d="M16.2929 17.7071L6.29291 7.70706L7.70712 6.29285L17.7071 16.2928L16.2929 17.7071Z"
              fill="black"
              fill-rule="evenodd"
            />
          </g>
        </svg>
      </button>
    </div>
    <div
      class="SummaryBlock CartItem"
    >
      <div
        class="CartItem__ImageDescriptionWrapper"
      >
        <div
          class="CartItem__ProductImageWrapper"
        >
          <div
            class="stx-image"
          >
            <div
              class="stx-image--content"
            >
              <div
                class="stx-image--holder"
              >
                <img
                  alt="Test title"
                  class="stx-image--image"
                  src=""
                  title="Test title"
                />
              </div>
            </div>
          </div>
        </div>
        <div
          class="CartItem__ProductDetails"
        >
          <div
            class="stx-details"
          >
            <div
              class="stx-details__title"
            >
              Test title
            </div>
            <div
              class="stx-details__description"
            >
              <div>
                Size Large
              </div>
              <div>
                Colour Blue
              </div>
            </div>
          </div>
          <div />
        </div>
      </div>
      <div
        class="CartItem__QuantityPriceWrapper"
      >
        <div
          class="CartItem__ProductQuantityWrapper"
        >
          <div
            aria-label="product quantity"
            class="ProductQuantity"
          >
            1
          </div>
        </div>
        <div
          class="CartItem__ProductPrice"
        >
          <div
            class="stx-price stx-price--alight-center"
          >
            <p
              aria-label="Product price"
              class="stx-price__amount"
            >
              $14.00 CAD
            </p>
          </div>
        </div>
      </div>
    </div>
    <div
      class="SummaryBlock CartItem"
    >
      <div
        class="CartItem__ImageDescriptionWrapper"
      >
        <div
          class="CartItem__ProductImageWrapper"
        >
          <div
            class="stx-image"
          >
            <div
              class="stx-image--content"
            >
              <div
                class="stx-image--holder"
              >
                <img
                  alt="Test title 2, Revenge of the title"
                  class="stx-image--image"
                  src=""
                  title="Test title 2, Revenge of the title"
                />
              </div>
            </div>
          </div>
        </div>
        <div
          class="CartItem__ProductDetails"
        >
          <div
            class="stx-details"
          >
            <div
              class="stx-details__title"
            >
              Test title 2, Revenge of the title
            </div>
            <div
              class="stx-details__description"
            >
              <div>
                Number Two
              </div>
            </div>
          </div>
          <div />
        </div>
      </div>
      <div
        class="CartItem__QuantityPriceWrapper"
      >
        <div
          class="CartItem__ProductQuantityWrapper"
        >
          <div
            aria-label="product quantity"
            class="ProductQuantity"
          >
            2
          </div>
        </div>
        <div
          class="CartItem__ProductPrice"
        >
          <div
            class="stx-price stx-price--alight-center"
          >
            <p
              aria-label="Product price"
              class="stx-price__amount"
            >
              $32.00 CAD
            </p>
          </div>
        </div>
      </div>
    </div>
    <div
      class="SummaryBlock CartItem"
    >
      <div
        class="CartItem__ImageDescriptionWrapper"
      >
        <div
          class="CartItem__ProductImageWrapper"
        >
          <div
            class="stx-image"
          >
            <div
              class="stx-image--content"
            >
              <div
                class="stx-image--holder"
              >
                <img
                  alt="Test title 3, the search for more money"
                  class="stx-image--image"
                  src=""
                  title="Test title 3, the search for more money"
                />
              </div>
            </div>
          </div>
        </div>
        <div
          class="CartItem__ProductDetails"
        >
          <div
            class="stx-details"
          >
            <div
              class="stx-details__title"
            >
              Test title 3, the search for more money
            </div>
            <div
              class="stx-details__description"
            />
          </div>
          <div />
        </div>
      </div>
      <div
        class="CartItem__QuantityPriceWrapper"
      >
        <div
          class="CartItem__ProductQuantityWrapper"
        >
          <div
            aria-label="product quantity"
            class="ProductQuantity"
          >
            3
          </div>
        </div>
        <div
          class="CartItem__ProductPrice"
        >
          <div
            class="stx-price stx-price--alight-center"
          >
            <p
              aria-label="Product price"
              class="stx-price__amount"
            >
              $123.00 CAD
            </p>
          </div>
        </div>
      </div>
    </div>
    <div
      class="Card"
    >
      <div
        class="Card__Title"
      >
        <button
          type="button"
        >
          Summary
        </button>
      </div>
      <div
        class="Card__Overview"
      >
        <div
          class="stx-price stx-price--alight-center"
        >
          <p
            aria-label="Product price"
            class="stx-price__amount"
          >
            $262.00 CAD
          </p>
        </div>
      </div>
      <div
        class="Card__Description"
      />
      <div
        class="Card__Action"
      />
      <div
        class="Card__Content"
      >
        <div />
      </div>
    </div>
    <div
      class="Card"
    >
      <div
        class="Card__Title"
      />
      <div
        class="Card__Overview"
      />
      <div
        class="Card__Description"
      >
        john.doe@email.com
      </div>
      <div
        class="Card__Action"
      >
        Not you?
      </div>
      <div
        class="Card__Content"
      >
        <div />
      </div>
    </div>
    <div
      class="Card Card--Shipping"
    >
      <div
        class="Card__Title"
      >
        <button
          type="button"
        >
          Shipping
        </button>
      </div>
      <div
        class="Card__Overview"
      />
      <div
        class="Card__Description"
      >
        John Doe
      </div>
      <div
        class="Card__Action"
      />
      <div
        class="Card__Content"
      >
        <div>
          <div>
            123 Fake Street, Winnipeg, Manitoba, R3T 1B8, Canada
          </div>
          <div
            class="card-shipping-content"
          >
            Standard - 
            <div
              class="stx-price stx-price--alight-center"
            >
              <p
                aria-label="Product price"
                class="stx-price__amount"
              >
                $10.00 CAD
              </p>
            </div>
          </div>
        </div>
      </div>
    </div>
    <div
      class="Card Card--Payment"
    >
      <div
        class="Card__Title"
      >
        <button
          type="button"
        >
          Payment
        </button>
      </div>
    </div>
    <div
      class="Payment"
    >
      <section
        class="FieldSet FieldSet--PaymentMethod"
      >
        <div
          class="FieldSet__Content"
        >
          <iframe
            data-bold-pigi-iframe="true"
            src="test.url"
            title="payments"
          />
        </div>
        <div
          class="FieldSet__Content"
        >
          <div
            class="DiscountLink"
          >
            <button
              aria-label="add discount code"
            >
              <svg
                aria-labelledby="button"
                fill="none"
                height="16"
                viewBox="0 0 16 16"
                width="16"
                xmlns="http://www.w3.org/2000/svg"
              >
                <path
                  d="M7.3335 2.66667C7.3335 2.29848 7.63197 2 8.00016 2C8.36835 2 8.66683 2.29848 8.66683 2.66667V13.3333C8.66683 13.7015 8.36835 14 8.00016 14C7.63197 14 7.3335 13.7015 7.3335 13.3333V2.66667Z"
                  fill="#0A75C2"
                />
                <path
                  d="M2.66667 8.66665C2.29848 8.66665 2 8.36817 2 7.99998C2 7.63179 2.29848 7.33331 2.66667 7.33331H13.3333C13.7015 7.33331 14 7.63179 14 7.99998C14 8.36817 13.7015 8.66665 13.3333 8.66665H2.66667Z"
                  fill="#0A75C2"
                />
              </svg>
              Discount code
            </button>
          </div>
        </div>
        <div
          class="FieldSet__Content"
        >
          <section
            class="FieldSet FieldSet--BillingAddress"
          >
            <div
              class="FieldSet__Header"
            >
              <h3
                class="Billing__Title"
              >
                Billing address
              </h3>
            </div>
            <div
              class="FieldSet__Content"
            >
              <div
                class="stx-field stx-checkbox-field__field RadioButton"
              >
                <div
                  class="stx-checkbox-field__div"
                >
                  <span
                    class="stx-checkbox stx-checkbox-field__checkbox"
                  >
                    <input
                      class="stx-checkbox__input"
                      id="stxField1"
                      name="billing-address"
                      type="checkbox"
                      value="SAME_AS_SHIPPING_ADDRESS"
                    />
                    <span
                      class="stx-checkbox__mount"
                    />
                  </span>
                  <label
                    class="stx-checkbox-field__label"
                    for="stxField1"
                  >
                    Same as shipping address
                  </label>
                </div>
              </div>
              <div
                class="FieldSet--Address"
              >
                <div
                  class="FieldGroup"
                >
                  <div
                    class="stx-field stx-field--with-input Field Field--FirstName"
                  >
                    <div
                      class="stx-input"
                    >
                      <input
                        autocomplete="given-name"
                        class="stx-input__input-element"
                        id="stxField2"
                        name="first_name"
                        placeholder="First name (optional)"
                        type="text"
                        value="John"
                      />
                    </div>
                  </div>
                  <div
                    class="stx-field stx-field--with-input Field Field--LastName"
                  >
                    <div
                      class="stx-input"
                    >
                      <input
                        autocomplete="family-name"
                        class="stx-input__input-element"
                        id="stxField3"
                        name="last_name"
                        placeholder="Last name (optional)"
                        type="text"
                        value="Doe"
                      />
                    </div>
                  </div>
                </div>
                <div
                  class="FieldGroup"
                >
                  <div
                    class="stx-field stx-field--with-input Field Field--Company"
                  >
                    <div
                      class="stx-input"
                    >
                      <input
                        class="stx-input__input-element"
                        id="stxField4"
                        name="business_name"
                        placeholder="Company (optional)"
                        type="text"
                        value="Bold Commerce"
                      />
                    </div>
                  </div>
                </div>
                <div
                  class="FieldGroup"
                >
                  <div
                    class="stx-field stx-field--with-input Field Field--Address"
                  >
                    <div
                      class="stx-input"
                    >
                      <input
                        autocomplete="address_line1"
                        class="stx-input__input-element"
                        id="stxField5"
                        name="address_line_1"
                        placeholder="Address (optional)"
                        type="text"
                        value="123 Fake Street"
                      />
                    </div>
                  </div>
                  <div
                    class="stx-field stx-field--with-input Field Field--Address2"
                  >
                    <div
                      class="stx-input"
                    >
                      <input
                        autocomplete="address_line2"
                        class="stx-input__input-element"
                        id="stxField6"
                        name="address_line_2"
                        placeholder="Apt, suite, etc."
                        type="text"
                        value="Unit 12"
                      />
                    </div>
                  </div>
                </div>
                <div
                  class="FieldGroup"
                >
                  <div
                    class="stx-field stx-field--with-input Field Field--City"
                  >
                    <div
                      class="stx-input"
                    >
                      <input
                        autocomplete="address-level2"
                        class="stx-input__input-element"
                        id="stxField7"
                        name="city"
                        placeholder="City (optional)"
                        type="text"
                        value="Winnipeg"
                      />
                    </div>
                  </div>
                </div>
                <div
                  class="FieldGroup FieldGroup__Country"
                >
                  <div
                    class="stx-field stx-field--with-select SelectField Field--Country"
                  >
                    <div
                      class="stx-select stx-select--with-placeholder"
                    >
                      <select
                        autocomplete="country"
                        class="stx-select__select-element"
                        id="stxField8"
                        name="country"
                      >
                        <option
                          hidden=""
                          value="___PLACEHOLDER___"
                        >
                          Select a country
                        </option>
                        <option
                          value="CA"
                        >
                          Canada
                        </option>
                        <option
                          value="US"
                        >
                          United States
                        </option>
                      </select>
                      <span
                        class="stx-select__icon"
                      >
                        <svg
                          class="stx-select-icon__icon"
                          viewBox="0 0 24 24"
                        >
                          <path
                            class="stx-select-icon__path"
                            d="M3.75261265,6.34153452 C3.38894463,5.92588561 2.75718344,5.88374677 2.34153452,6.24741478 C1.92588561,6.6110828 1.88374677,7.24284399 2.24741478,7.65849291 L11.2524148,18.2364929 C11.6508167,18.6918404 12.3591606,18.6918563 12.757583,18.2365268 L21.763583,7.6585268 C22.1272697,7.24289426 22.0851593,6.61113117 21.6695268,6.24744443 C21.2538943,5.8837577 20.6221312,5.9258681 20.2584444,6.34150064 L12.0050479,16.0594019 L3.75261265,6.34153452 Z"
                            fill="#6B6B6B"
                          />
                        </svg>
                      </span>
                    </div>
                  </div>
                  <div
                    class="stx-field stx-field--with-select SelectField Field--Province"
                  >
                    <div
                      class="stx-select stx-select--with-placeholder"
                    >
                      <select
                        autocomplete="address-level1"
                        class="stx-select__select-element"
                        id="stxField9"
                        name="province"
                      >
                        <option
                          hidden=""
                          value="___PLACEHOLDER___"
                        >
                          Select a province
                        </option>
                        <option
                          value="AB"
                        >
                          Alberta
                        </option>
                        <option
                          value="BC"
                        >
                          British Columbia
                        </option>
                        <option
                          value="MB"
                        >
                          Manitoba
                        </option>
                        <option
                          value="NB"
                        >
                          New Brunswick
                        </option>
                        <option
                          value="NL"
                        >
                          Newfoundland and Labrador
                        </option>
                        <option
                          value="NT"
                        >
                          Northwest Territories
                        </option>
                        <option
                          value="NS"
                        >
                          Nova Scotia
                        </option>
                        <option
                          value="NU"
                        >
                          Nunavut
                        </option>
                        <option
                          value="ON"
                        >
                          Ontario
                        </option>
                        <option
                          value="PE"
                        >
                          Prince Edward Island
                        </option>
                        <option
                          value="QC"
                        >
                          Quebec
                        </option>
                        <option
                          value="SK"
                        >
                          Saskatchewan
                        </option>
                        <option
                          value="YT"
                        >
                          Yukon Territory
                        </option>
                      </select>
                      <span
                        class="stx-select__icon"
                      >
                        <svg
                          class="stx-select-icon__icon"
                          viewBox="0 0 24 24"
                        >
                          <path
                            class="stx-select-icon__path"
                            d="M3.75261265,6.34153452 C3.38894463,5.92588561 2.75718344,5.88374677 2.34153452,6.24741478 C1.92588561,6.6110828 1.88374677,7.24284399 2.24741478,7.65849291 L11.2524148,18.2364929 C11.6508167,18.6918404 12.3591606,18.6918563 12.757583,18.2365268 L21.763583,7.6585268 C22.1272697,7.24289426 22.0851593,6.61113117 21.6695268,6.24744443 C21.2538943,5.8837577 20.6221312,5.9258681 20.2584444,6.34150064 L12.0050479,16.0594019 L3.75261265,6.34153452 Z"
                            fill="#6B6B6B"
                          />
                        </svg>
                      </span>
                    </div>
                  </div>
                  <div
                    class="stx-field stx-field--with-input Field Field--Postal_Code"
                  >
                    <div
                      class="stx-input"
                    >
                      <input
                        autocomplete="postal-code"
                        class="stx-input__input-element"
                        id="stxField10"
                        name="postal"
                        placeholder="Postal code"
                        type="text"
                        value="R3A1B3"
                      />
                    </div>
                  </div>
                </div>
                <div
                  class="FieldGroup"
                >
                  <div
                    class="stx-field stx-field--with-input Field Field--Phone"
                  >
                    <div
                      class="stx-input"
                    >
                      <input
                        autocomplete="tel"
                        class="stx-input__input-element"
                        id="stxField11"
                        name="phone_number"
                        placeholder="Phone (optional)"
                        type="tel"
                        value="204-123-4567"
                      />
                    </div>
                  </div>
                </div>
              </div>
            </div>
          </section>
        </div>
      </section>
    </div>
    <div
      class="CheckoutButton__Container"
    >
      <button
        aria-busy="false"
        aria-disabled="false"
        class="stx-button CheckoutButton CheckoutButton__Mobile"
      >
        <span
          class="stx-button__text"
        >
          Complete Order
        </span>
        <span
          class="stx-loading-spinner stx-button__spinner"
        />
      </button>
    </div>
  </div>
</DocumentFragment>
`;
